stm32_adafruit_lcd.c:130:9:BSP_LCD_Init	16	static
stm32_adafruit_lcd.c:163:10:BSP_LCD_GetXSize	8	static
stm32_adafruit_lcd.c:173:10:BSP_LCD_GetYSize	8	static
stm32_adafruit_lcd.c:183:10:BSP_LCD_GetTextColor	4	static
stm32_adafruit_lcd.c:193:10:BSP_LCD_GetBackColor	4	static
stm32_adafruit_lcd.c:203:6:BSP_LCD_SetTextColor	16	static
stm32_adafruit_lcd.c:213:6:BSP_LCD_SetBackColor	16	static
stm32_adafruit_lcd.c:223:6:BSP_LCD_SetFont	16	static
stm32_adafruit_lcd.c:233:8:BSP_LCD_GetFont	4	static
stm32_adafruit_lcd.c:243:6:BSP_LCD_Clear	32	static
stm32_adafruit_lcd.c:266:6:BSP_LCD_ClearStringLine	32	static
stm32_adafruit_lcd.c:286:6:BSP_LCD_DisplayChar	24	static
stm32_adafruit_lcd.c:306:6:BSP_LCD_DisplayStringAt	40	static
stm32_adafruit_lcd.c:367:6:BSP_LCD_DisplayStringAtLine	16	static
stm32_adafruit_lcd.c:379:6:BSP_LCD_DrawPixel	16	static
stm32_adafruit_lcd.c:394:6:BSP_LCD_DrawHLine	32	static
stm32_adafruit_lcd.c:418:6:BSP_LCD_DrawVLine	32	static
stm32_adafruit_lcd.c:443:6:BSP_LCD_DrawLine	56	static
stm32_adafruit_lcd.c:518:6:BSP_LCD_DrawRect	24	static
stm32_adafruit_lcd.c:536:6:BSP_LCD_DrawCircle	32	static
stm32_adafruit_lcd.c:586:6:BSP_LCD_DrawPolygon	32	static
stm32_adafruit_lcd.c:614:6:BSP_LCD_DrawEllipse	56	static
stm32_adafruit_lcd.c:647:6:BSP_LCD_DrawBitmap	32	static
stm32_adafruit_lcd.c:682:6:BSP_LCD_FillRect	24	static
stm32_adafruit_lcd.c:699:6:BSP_LCD_FillCircle	32	static
stm32_adafruit_lcd.c:747:6:BSP_LCD_FillPolygon	64	static
stm32_adafruit_lcd.c:815:6:BSP_LCD_FillEllipse	56	static
stm32_adafruit_lcd.c:846:6:BSP_LCD_DisplayOn	8	static
stm32_adafruit_lcd.c:856:6:BSP_LCD_DisplayOff	8	static
stm32_adafruit_lcd.c:872:13:DrawChar	48	static
stm32_adafruit_lcd.c:944:13:FillTriangle	56	static
stm32_adafruit_lcd.c:1021:13:SetDisplayWindow	24	static
